../Core/Src/main.c:76:5:main	128	static
../Core/Src/main.c:164:6:SystemClock_Config	72	static
../Core/Src/main.c:201:13:MX_GPIO_Init	32	static
../Core/Src/main.c:227:6:AccessSharedData	8	static
../Core/Src/main.c:246:6:SimulateReadWriteOperation	16	static,ignoring_inline_asm
../Core/Src/main.c:264:6:StartDefaultTask	16	static
../Core/Src/main.c:282:6:GreenTask	16	static
../Core/Src/main.c:315:6:RedTask	16	static
../Core/Src/main.c:348:6:OrangeTask	16	static
../Core/Src/main.c:364:6:Error_Handler	4	static,ignoring_inline_asm
